print_square module
-------------------

Importing "print_square"
------------------------

Import file
>>> print_square = __import__('4-print_square').print_square

Testing for valid case
>>> print_square(3)
###
###
###

Testing for valid case
>>> print_square(5)
#####
#####
#####
#####
#####

Testing for 0 input
>>> print_square(0)

Testing for 1 input
>>> print_square(1)
#

Testing for negative numbers
>>> print_square(-3)
Traceback (most recent call last):
ValueError: size must be >= 0

Testing for string input
>>> print_square("test")
Traceback (most recent call last):
TypeError: size must be an integer

Testing for number as string
>>> print_square("1")
Traceback (most recent call last):
TypeError: size must be an integer

Testing for float input
>>> print_square(0.5)
Traceback (most recent call last):
TypeError: size must be an integer